cmake : Error: could not load cache
In Zeile:1 Zeichen:1
+ cmake --build . --config Release 2>&1 | Tee-Object -FilePath "build_e ...
+ ~~~~~~~~~~~~~~~~~~~~~~~~~~~~~~~~~~~~~
    + CategoryInfo          : NotSpecified: (Error: could not load cache:String) [], Remo 
   teException
    + FullyQualifiedErrorId : NativeCommandError
 
